[retrina.com/demo/arshia/arshia-plus/webdesigner-dark.html]
[backblue.gif]
[fade.gif]
[index.html]
[retrina.com/demo/arshia/arshia-plus/assets/img/favicon.png]
[retrina.com/demo/arshia/arshia-plus/assets/css/bootstrap.css]
[retrina.com/demo/arshia/arshia-plus/assets/css/bootstrap-icons.css]
[retrina.com/demo/arshia/arshia-plus/assets/css/jquery.mCustomScrollbar.css]
[retrina.com/demo/arshia/arshia-plus/assets/css/animate.min.css]
[retrina.com/demo/arshia/arshia-plus/assets/css/owl.carousel.min.css]
[retrina.com/demo/arshia/arshia-plus/assets/css/magnific-popup.css]
[retrina.com/demo/arshia/arshia-plus/assets/css/style.css]
[retrina.com/demo/arshia/arshia-plus/assets/colors/golden.css]
[retrina.com/demo/arshia/arshia-plus/assets/img/webdesigner/profile-img.jpg]
[retrina.com/demo/arshia/arshia-plus/assets/img/responsive-dark.png]
[retrina.com/demo/arshia/arshia-plus/assets/img/webdesigner/about-img.jpg]
[retrina.com/demo/arshia/arshia-plus/assets/img/client-01.png]
[retrina.com/demo/arshia/arshia-plus/assets/img/client-02.png]
[retrina.com/demo/arshia/arshia-plus/assets/img/client-03.png]
[retrina.com/demo/arshia/arshia-plus/assets/img/webdesigner/portfolio-item1.jpg]
[retrina.com/demo/arshia/arshia-plus/assets/img/webdesigner/portfolio-item2.jpg]
[retrina.com/demo/arshia/arshia-plus/assets/img/webdesigner/portfolio-item3.jpg]
[retrina.com/demo/arshia/arshia-plus/portfolio-01-dark.html]
[retrina.com/demo/arshia/arshia-plus/assets/img/webdesigner/portfolio-item4.jpg]
[retrina.com/demo/arshia/arshia-plus/assets/img/webdesigner/portfolio-item5.jpg]
[retrina.com/demo/arshia/arshia-plus/assets/img/webdesigner/portfolio-item6.jpg]
[retrina.com/demo/arshia/arshia-plus/webdesigner-blog-singel-dark.html]
[retrina.com/demo/arshia/arshia-plus/assets/img/webdesigner/blog-item1.jpg]
[retrina.com/demo/arshia/arshia-plus/assets/img/webdesigner/blog-item2.jpg]
[retrina.com/demo/arshia/arshia-plus/assets/img/webdesigner/blog-item3.jpg]
[retrina.com/demo/arshia/arshia-plus/assets/img/webdesigner/blog-item4.jpg]
[retrina.com/demo/arshia/arshia-plus/assets/img/location-map.png]
[retrina.com/cdn-cgi/scripts/5c5dd728/cloudflare-static/email-decode.min.js]
[retrina.com/demo/arshia/arshia-plus/assets/js/jquery-3.4.1.min.js]
[retrina.com/demo/arshia/arshia-plus/assets/js/bootstrap.js]
[retrina.com/demo/arshia/arshia-plus/assets/js/jquery.mCustomScrollbar.concat.min.js]
[retrina.com/demo/arshia/arshia-plus/assets/js/jquery.countTo.js]
[retrina.com/demo/arshia/arshia-plus/assets/js/owl.carousel.min.js]
[retrina.com/demo/arshia/arshia-plus/assets/js/isotope.pkgd.min.js]
[retrina.com/demo/arshia/arshia-plus/assets/js/jquery.magnific-popup.min.js]
[retrina.com/demo/arshia/arshia-plus/assets/js/arshia.js]
[retrina.com/demo/arshia/arshia-plus/webdesigner-dark.html]
[retrina.com/demo/arshia/arshia-plus/assets/css/bootstrap.css]
[retrina.com/demo/arshia/arshia-plus/assets/fonts/bootstrap-icons50ab.woff2]
[retrina.com/demo/arshia/arshia-plus/assets/fonts/bootstrap-icons50ab.woff]
[retrina.com/demo/arshia/arshia-plus/assets/css/bootstrap-icons.css]
[retrina.com/demo/arshia/arshia-plus/assets/css/jquery.mCustomScrollbar.css]
[retrina.com/demo/arshia/arshia-plus/assets/css/animate.min.css]
[retrina.com/demo/arshia/arshia-plus/assets/css/owl.video.play.png]
[retrina.com/demo/arshia/arshia-plus/assets/css/owl.carousel.min.css]
[retrina.com/demo/arshia/arshia-plus/assets/css/magnific-popup.css]
[retrina.com/demo/arshia/arshia-plus/assets/img/blog-header-img.jpg]
[retrina.com/demo/arshia/arshia-plus/assets/css/style.css]
[retrina.com/demo/arshia/arshia-plus/assets/colors/golden.css]
[retrina.com/demo/arshia/arshia-plus/portfolio-03-dark.html]
[retrina.com/demo/arshia/arshia-plus/portfolio-02-dark.html]
[retrina.com/demo/arshia/arshia-plus/assets/img/blog-img-05.jpg]
[retrina.com/demo/arshia/arshia-plus/assets/img/blog-img-04.jpg]
[retrina.com/demo/arshia/arshia-plus/assets/img/blog-img-03.jpg]
[retrina.com/demo/arshia/arshia-plus/portfolio-01-dark.html]
[retrina.com/demo/arshia/arshia-plus/assets/img/webdesigner/blog-single.jpg]
[retrina.com/demo/arshia/arshia-plus/webdesigner-blog-singel-dark.html]
[retrina.com/demo/arshia/arshia-plus/assets/css/owl.video.play.html]
[retrina.com/demo/arshia/arshia-plus/assets/img/blog-header-img.html]
[retrina.com/demo/arshia/arshia-plus/portfolio-03-dark.html]
[retrina.com/demo/arshia/arshia-plus/portfolio-02-dark.html]
